../bsp/ds1307.c:33:6:DS3231_init	8	static
../bsp/ds1307.c:64:16:binary_to_bcd	24	static
../bsp/ds1307.c:80:16:bcd_to_binary	24	static
../bsp/ds1307.c:89:6:DS3231_Set_Current_Time	24	static
../bsp/ds1307.c:125:6:DS3231_Get_Current_Time	24	static
../bsp/ds1307.c:165:6:DS3231_Set_Current_Date	16	static
../bsp/ds1307.c:174:6:DS3231_Get_Current_Date	16	static
../bsp/ds1307.c:186:13:DS3231_I2C_Pin_Config	32	static
../bsp/ds1307.c:233:13:DS3231_I2C_Config	8	static
../bsp/ds1307.c:257:6:DS3231_Write	32	static
../bsp/ds1307.c:278:9:DS3231_Read	32	static
